Flutter crash report.
Please report a bug at https://github.com/flutter/flutter/issues.

## command

flutter analyze lib/my_events_screen.dart

## exception

_Exception: Exception: analysis server exited with code 64 and output:
[stderr] 
[stderr] Project
[stderr]   compile    Compile Dart to various formats.
[stderr]   create     Create a new Dart project.
[stderr]   pub        Work with packages.
[stderr]   run        Run a Dart program.
[stderr]   test       Run tests for a project.
[stderr] 
[stderr] Source code
[stderr]   analyze    Analyze Dart code in a directory.
[stderr]   doc        Generate API documentation for Dart projects.
[stderr]   fix        Apply automated fixes to Dart source code.
[stderr]   format     Idiomatically format Dart source code.
[stderr] 
[stderr] Tools
[stderr]   devtools   Open DevTools (optionally connecting to an existing application).
[stderr]   info       Show diagnostic information about the installed tooling.
[stderr] 
[stderr] Run "dart help <command>" for more information about a command.
[stderr] See https://dart.dev/tools/dart-tool for detailed documentation.

```
```

## flutter doctor

```
[✓] Flutter (Channel stable, 3.35.7, on macOS 15.3.1 24D70 darwin-arm64, locale en-TR) [271ms]
    • Flutter version 3.35.7 on channel stable at /Users/sarperdem/flutter
    • Upstream repository https://github.com/flutter/flutter.git
    • Framework revision adc9010625 (9 weeks ago), 2025-10-21 14:16:03 -0400
    • Engine revision 035316565a
    • Dart version 3.9.2
    • DevTools version 2.48.0
    • Feature flags: enable-web, enable-linux-desktop, enable-macos-desktop, enable-windows-desktop, enable-android, enable-ios, cli-animations, enable-lldb-debugging

[✓] Android toolchain - develop for Android devices (Android SDK version 36.1.0) [1,504ms]
    • Android SDK at /Users/sarperdem/Library/Android/sdk
    • Emulator version 36.2.12.0 (build_id 14214601) (CL:N/A)
    • Platform android-36, build-tools 36.1.0
    • Java binary at: /Applications/Android Studio.app/Contents/jbr/Contents/Home/bin/java
      This is the JDK bundled with the latest Android Studio installation on this machine.
      To manually set the JDK path, use: `flutter config --jdk-dir="path/to/jdk"`.
    • Java version OpenJDK Runtime Environment (build 21.0.8+-14196175-b1038.72)
    • All Android licenses accepted.

[!] Xcode - develop for iOS and macOS (Xcode 16.4) [773ms]
    • Xcode at /Applications/Xcode.app/Contents/Developer
    • Build 16F6
    ✗ Unable to get list of installed Simulator runtimes.
    • CocoaPods version 1.16.2

[✓] Chrome - develop for the web [71ms]
    • Chrome at /Applications/Google Chrome.app/Contents/MacOS/Google Chrome

[✓] Android Studio (version 2025.2) [70ms]
    • Android Studio at /Applications/Android Studio.app/Contents
    • Flutter plugin can be installed from:
      🔨 https://plugins.jetbrains.com/plugin/9212-flutter
    • Dart plugin can be installed from:
      🔨 https://plugins.jetbrains.com/plugin/6351-dart
    • android-studio-dir = /Applications/Android Studio.app
    • Java version OpenJDK Runtime Environment (build 21.0.8+-14196175-b1038.72)

[✓] IntelliJ IDEA Ultimate Edition (version 2025.2.3) [69ms]
    • IntelliJ at /Applications/IntelliJ IDEA.app
    • Flutter plugin version 88.0.0
    • Dart plugin version 252.25557.23

[✓] VS Code (version 1.106.3) [3ms]
    • VS Code at /Applications/Visual Studio Code.app/Contents
    • Flutter extension can be installed from:
      🔨 https://marketplace.visualstudio.com/items?itemName=Dart-Code.flutter

[✓] Connected device (2 available) [5.7s]
    • macOS (desktop) • macos  • darwin-arm64   • macOS 15.3.1 24D70 darwin-arm64
    • Chrome (web)    • chrome • web-javascript • Google Chrome 143.0.7499.169

[✓] Network resources [329ms]
    • All expected network resources are available.

! Doctor found issues in 1 category.
```
